******************************************************************************
                  TI ARM Linker PC v20.2.7                     
******************************************************************************
>> Linked Fri Dec 20 15:38:32 2024

OUTPUT FILE NAME:   <Vehicle_Fault_Detection_and_Logging_System.out>
ENTRY POINT SYMBOL: "_c_int00_noargs"  address: 00000e99


MEMORY CONFIGURATION

         name            origin    length      used     unused   attr    fill
----------------------  --------  ---------  --------  --------  ----  --------
  FLASH                 00000000   00040000  00000f2a  0003f0d6  R  X
  SRAM                  20000000   00008000  00000214  00007dec  RW X


SEGMENT ALLOCATION MAP

run origin  load origin   length   init length attrs members
----------  ----------- ---------- ----------- ----- -------
00000000    00000000    00000f2c   00000f2c    r-x
  00000000    00000000    0000026c   0000026c    r-- .intvecs
  0000026c    0000026c    00000ca2   00000ca2    r-x .text
  00000f10    00000f10    0000001c   0000001c    r-- .cinit
20000000    20000000    00000214   00000000    rw-
  20000000    20000000    00000200   00000000    rw- .stack
  20000200    20000200    00000014   00000000    rw- .data


SECTION ALLOCATION MAP

 output                                  attributes/
section   page    origin      length       input sections
--------  ----  ----------  ----------   ----------------
.intvecs   0    00000000    0000026c     
                  00000000    0000026c     tm4c123gh6pm_startup_ccs.obj (.intvecs)

.text      0    0000026c    00000ca2     
                  0000026c    0000022c     DC_MOTOR.obj (.text)
                  00000498    000001cc     EEPROM.obj (.text)
                  00000664    000001b0     UART.obj (.text)
                  00000814    00000174     INTERRUPT.obj (.text)
                  00000988    00000136     rtsv7M4_T_le_v4SPD16_eabi.lib : fd_div_t2.asm.obj (.text)
                  00000abe    000000fc                                   : fd_mul_t2.asm.obj (.text)
                  00000bba    00000002     --HOLE-- [fill = 0]
                  00000bbc    000000e4     main.obj (.text)
                  00000ca0    0000009c     rtsv7M4_T_le_v4SPD16_eabi.lib : memcpy_t2.asm.obj (.text)
                  00000d3c    0000006c     SYSTICK_TIMER.obj (.text)
                  00000da8    00000068     rtsv7M4_T_le_v4SPD16_eabi.lib : copy_decompress_lzss.c.obj (.text:decompress:lzss:__TI_decompress_lzss)
                  00000e10    00000044                                   : autoinit.c.obj (.text:__TI_auto_init_nobinit_nopinit:__TI_auto_init_nobinit_nopinit)
                  00000e54    00000044                                   : fd_tou_t2.asm.obj (.text)
                  00000e98    00000034                                   : boot_cortex_m.c.obj (.text:_c_int00_noargs:_c_int00_noargs)
                  00000ecc    00000020                                   : u_tofd_t2.asm.obj (.text)
                  00000eec    0000000e                                   : copy_decompress_none.c.obj (.text:decompress:none:__TI_decompress_none)
                  00000efa    0000000c     tm4c123gh6pm_startup_ccs.obj (.text)
                  00000f06    00000004     rtsv7M4_T_le_v4SPD16_eabi.lib : pre_init.c.obj (.text:_system_pre_init)
                  00000f0a    00000004                                   : exit.c.obj (.text:abort:abort)

.cinit     0    00000f10    0000001c     
                  00000f10    0000000c     (.cinit..data.load) [load image, compression = lzss]
                  00000f1c    00000008     (__TI_handler_table)
                  00000f24    00000008     (__TI_cinit_table)

.init_array 
*          0    00000000    00000000     UNINITIALIZED

.data      0    20000200    00000014     UNINITIALIZED
                  20000200    00000010     ULTRASONIC.obj (.data)
                  20000210    00000004     EEPROM.obj (.data)

.stack     0    20000000    00000200     UNINITIALIZED
                  20000000    00000004     rtsv7M4_T_le_v4SPD16_eabi.lib : boot_cortex_m.c.obj (.stack)
                  20000004    000001fc     --HOLE--

__llvm_prf_cnts 
*          0    20000000    00000000     UNINITIALIZED

MODULE SUMMARY

       Module                         code   ro data   rw data
       ------                         ----   -------   -------
    .\
       tm4c123gh6pm_startup_ccs.obj   12     620       0      
    +--+------------------------------+------+---------+---------+
       Total:                         12     620       0      
                                                              
    .\_1_MCAL_Layer\EEPROM\
       EEPROM.obj                     460    0         4      
    +--+------------------------------+------+---------+---------+
       Total:                         460    0         4      
                                                              
    .\_1_MCAL_Layer\INTERRUPT\
       INTERRUPT.obj                  372    0         0      
    +--+------------------------------+------+---------+---------+
       Total:                         372    0         0      
                                                              
    .\_1_MCAL_Layer\SYSTICK_TIMER\
       SYSTICK_TIMER.obj              108    0         0      
    +--+------------------------------+------+---------+---------+
       Total:                         108    0         0      
                                                              
    .\_1_MCAL_Layer\UART\
       UART.obj                       432    0         0      
    +--+------------------------------+------+---------+---------+
       Total:                         432    0         0      
                                                              
    .\_2_ECU_Layer\DC_MOTOR\
       DC_MOTOR.obj                   556    0         0      
    +--+------------------------------+------+---------+---------+
       Total:                         556    0         0      
                                                              
    .\_2_ECU_Layer\Ultrasonic\
       ULTRASONIC.obj                 0      0         16     
    +--+------------------------------+------+---------+---------+
       Total:                         0      0         16     
                                                              
    .\_3_APP_Layer\
       main.obj                       228    0         0      
    +--+------------------------------+------+---------+---------+
       Total:                         228    0         0      
                                                              
    C:\ti\ccs1281\ccs\tools\compiler\ti-cgt-arm_20.2.7.LTS\lib\rtsv7M4_T_le_v4SPD16_eabi.lib
       fd_div_t2.asm.obj              310    0         0      
       fd_mul_t2.asm.obj              252    0         0      
       memcpy_t2.asm.obj              156    0         0      
       copy_decompress_lzss.c.obj     104    0         0      
       autoinit.c.obj                 68     0         0      
       fd_tou_t2.asm.obj              68     0         0      
       boot_cortex_m.c.obj            52     0         0      
       u_tofd_t2.asm.obj              32     0         0      
       copy_decompress_none.c.obj     14     0         0      
       exit.c.obj                     4      0         0      
       pre_init.c.obj                 4      0         0      
    +--+------------------------------+------+---------+---------+
       Total:                         1064   0         0      
                                                              
       Stack:                         0      0         512    
       Linker Generated:              0      28        0      
    +--+------------------------------+------+---------+---------+
       Grand Total:                   3232   648       532    


LINKER GENERATED COPY TABLES

__TI_cinit_table @ 00000f24 records: 1, size/record: 8, table size: 8
	.data: load addr=00000f10, load size=0000000c bytes, run addr=20000200, run size=00000014 bytes, compression=lzss


LINKER GENERATED HANDLER TABLE

__TI_handler_table @ 00000f1c records: 2, size/record: 4, table size: 8
	index: 0, handler: __TI_decompress_lzss
	index: 1, handler: __TI_decompress_none


GLOBAL SYMBOLS: SORTED ALPHABETICALLY BY Name 

address   name                          
-------   ----                          
00000f0b  C$$EXIT                       
0000026d  DC_MOTORA_INIT                
000002cb  DC_MOTORA_START               
00000329  DC_MOTORA_STOP                
0000036f  DC_MOTORB_INIT                
000003cd  DC_MOTORB_START               
0000042b  DC_MOTORB_STOP                
00000499  EEPROM_INIT                   
0000054b  EEPROM_Read                   
0000050b  EEPROM_Write                  
000005d1  Format_FaultCode              
00000815  GPIOPortA_Handler             
00000817  GPIOPortB_Handler             
000008eb  GPIOPortC_Handler             
000008ed  GPIOPortD_Handler             
000008ef  GPIOPortE_Handler             
000008f1  GPIOPortF_Handler             
00000573  Log_Fault                     
00000efb  ResetISR                      
00000591  Retrieve_Faults               
00000d5f  SysTick_DelayMs               
00000d7f  SysTick_DelayUs               
00000d3d  SysTick_Init                  
000006bb  UART0_Init                    
00000765  UART0_ReceiveByte             
000007ad  UART0_ReceiveData             
00000775  UART0_ReceiveString           
000006fb  UART0_SendByte                
0000073d  UART0_SendData                
00000717  UART0_SendString              
20000200  __STACK_END                   
00000200  __STACK_SIZE                  
20000200  __STACK_TOP                   
00000f24  __TI_CINIT_Base               
00000f2c  __TI_CINIT_Limit              
00000f1c  __TI_Handler_Table_Base       
00000f24  __TI_Handler_Table_Limit      
00000e11  __TI_auto_init_nobinit_nopinit
00000da9  __TI_decompress_lzss          
00000eed  __TI_decompress_none          
ffffffff  __TI_pprof_out_hndl           
ffffffff  __TI_prof_data_size           
ffffffff  __TI_prof_data_start          
00000000  __TI_static_base__            
00000e55  __aeabi_d2uiz                 
00000989  __aeabi_ddiv                  
00000abf  __aeabi_dmul                  
00000ca1  __aeabi_memcpy                
00000ca1  __aeabi_memcpy4               
00000ca1  __aeabi_memcpy8               
00000ecd  __aeabi_ui2d                  
ffffffff  __binit__                     
ffffffff  __c_args__                    
UNDEFED   __mpu_init                    
20000000  __stack                       
20000000  __start___llvm_prf_cnts       
20000000  __stop___llvm_prf_cnts        
00000e99  _c_int00_noargs               
UNDEFED   _system_post_cinit            
00000f07  _system_pre_init              
00000f0b  abort                         
ffffffff  binit                         
20000208  edge_detected                 
00000000  g_pfnVectors                  
00000bbd  main                          
2000020c  measured_distance             
00000ca1  memcpy                        
20000204  pulse_end                     
20000200  pulse_start                   


GLOBAL SYMBOLS: SORTED BY Symbol Address 

address   name                          
-------   ----                          
00000000  __TI_static_base__            
00000000  g_pfnVectors                  
00000200  __STACK_SIZE                  
0000026d  DC_MOTORA_INIT                
000002cb  DC_MOTORA_START               
00000329  DC_MOTORA_STOP                
0000036f  DC_MOTORB_INIT                
000003cd  DC_MOTORB_START               
0000042b  DC_MOTORB_STOP                
00000499  EEPROM_INIT                   
0000050b  EEPROM_Write                  
0000054b  EEPROM_Read                   
00000573  Log_Fault                     
00000591  Retrieve_Faults               
000005d1  Format_FaultCode              
000006bb  UART0_Init                    
000006fb  UART0_SendByte                
00000717  UART0_SendString              
0000073d  UART0_SendData                
00000765  UART0_ReceiveByte             
00000775  UART0_ReceiveString           
000007ad  UART0_ReceiveData             
00000815  GPIOPortA_Handler             
00000817  GPIOPortB_Handler             
000008eb  GPIOPortC_Handler             
000008ed  GPIOPortD_Handler             
000008ef  GPIOPortE_Handler             
000008f1  GPIOPortF_Handler             
00000989  __aeabi_ddiv                  
00000abf  __aeabi_dmul                  
00000bbd  main                          
00000ca1  __aeabi_memcpy                
00000ca1  __aeabi_memcpy4               
00000ca1  __aeabi_memcpy8               
00000ca1  memcpy                        
00000d3d  SysTick_Init                  
00000d5f  SysTick_DelayMs               
00000d7f  SysTick_DelayUs               
00000da9  __TI_decompress_lzss          
00000e11  __TI_auto_init_nobinit_nopinit
00000e55  __aeabi_d2uiz                 
00000e99  _c_int00_noargs               
00000ecd  __aeabi_ui2d                  
00000eed  __TI_decompress_none          
00000efb  ResetISR                      
00000f07  _system_pre_init              
00000f0b  C$$EXIT                       
00000f0b  abort                         
00000f1c  __TI_Handler_Table_Base       
00000f24  __TI_CINIT_Base               
00000f24  __TI_Handler_Table_Limit      
00000f2c  __TI_CINIT_Limit              
20000000  __stack                       
20000000  __start___llvm_prf_cnts       
20000000  __stop___llvm_prf_cnts        
20000200  __STACK_END                   
20000200  __STACK_TOP                   
20000200  pulse_start                   
20000204  pulse_end                     
20000208  edge_detected                 
2000020c  measured_distance             
ffffffff  __TI_pprof_out_hndl           
ffffffff  __TI_prof_data_size           
ffffffff  __TI_prof_data_start          
ffffffff  __binit__                     
ffffffff  __c_args__                    
ffffffff  binit                         
UNDEFED   __mpu_init                    
UNDEFED   _system_post_cinit            

[69 symbols]
