******************************************************************************
                  TI ARM Linker PC v20.2.7                     
******************************************************************************
>> Linked Fri Dec 20 13:44:00 2024

OUTPUT FILE NAME:   <Vehicle_Fault_Detection_and_Logging_System.out>
ENTRY POINT SYMBOL: "_c_int00_noinit_noargs"  address: 00000515


MEMORY CONFIGURATION

         name            origin    length      used     unused   attr    fill
----------------------  --------  ---------  --------  --------  ----  --------
  FLASH                 00000000   00040000  0000056e  0003fa92  R  X
  SRAM                  20000000   00008000  00000200  00007e00  RW X


SEGMENT ALLOCATION MAP

run origin  load origin   length   init length attrs members
----------  ----------- ---------- ----------- ----- -------
00000000    00000000    0000056e   0000056e    r-x
  00000000    00000000    0000026c   0000026c    r-- .intvecs
  0000026c    0000026c    00000302   00000302    r-x .text
20000000    20000000    00000200   00000000    rw-
  20000000    20000000    00000200   00000000    rw- .stack


SECTION ALLOCATION MAP

 output                                  attributes/
section   page    origin      length       input sections
--------  ----  ----------  ----------   ----------------
.intvecs   0    00000000    0000026c     
                  00000000    0000026c     tm4c123gh6pm_startup_ccs.obj (.intvecs)

.text      0    0000026c    00000302     
                  0000026c    000001cc     DC_MOTOR.obj (.text)
                  00000438    00000070     INTERRUPT.obj (.text)
                  000004a8    0000006c     SYSTICK_TIMER.obj (.text)
                  00000514    0000002c     rtsv7M4_T_le_v4SPD16_eabi.lib : boot_cortex_m.c.obj (.text:_c_int00_noinit_noargs:_c_int00_noinit_noargs)
                  00000540    0000001a     main.obj (.text)
                  0000055a    0000000c     tm4c123gh6pm_startup_ccs.obj (.text)
                  00000566    00000004     rtsv7M4_T_le_v4SPD16_eabi.lib : pre_init.c.obj (.text:_system_pre_init)
                  0000056a    00000004                                   : exit.c.obj (.text:abort:abort)

.cinit     0    00000000    00000000     UNINITIALIZED

.init_array 
*          0    00000000    00000000     UNINITIALIZED

.stack     0    20000000    00000200     UNINITIALIZED
                  20000000    00000004     rtsv7M4_T_le_v4SPD16_eabi.lib : boot_cortex_m.c.obj (.stack)
                  20000004    000001fc     --HOLE--

__llvm_prf_cnts 
*          0    20000000    00000000     UNINITIALIZED

MODULE SUMMARY

       Module                         code   ro data   rw data
       ------                         ----   -------   -------
    .\
       tm4c123gh6pm_startup_ccs.obj   12     620       0      
    +--+------------------------------+------+---------+---------+
       Total:                         12     620       0      
                                                              
    .\_1_MCAL_Layer\INTERRUPT\
       INTERRUPT.obj                  112    0         0      
    +--+------------------------------+------+---------+---------+
       Total:                         112    0         0      
                                                              
    .\_1_MCAL_Layer\SYSTICK_TIMER\
       SYSTICK_TIMER.obj              108    0         0      
    +--+------------------------------+------+---------+---------+
       Total:                         108    0         0      
                                                              
    .\_2_ECU_Layer\DC_MOTOR\
       DC_MOTOR.obj                   460    0         0      
    +--+------------------------------+------+---------+---------+
       Total:                         460    0         0      
                                                              
    .\_3_APP_Layer\
       main.obj                       26     0         0      
    +--+------------------------------+------+---------+---------+
       Total:                         26     0         0      
                                                              
    C:\ti\ccs1281\ccs\tools\compiler\ti-cgt-arm_20.2.7.LTS\lib\rtsv7M4_T_le_v4SPD16_eabi.lib
       boot_cortex_m.c.obj            44     0         0      
       exit.c.obj                     4      0         0      
       pre_init.c.obj                 4      0         0      
    +--+------------------------------+------+---------+---------+
       Total:                         52     0         0      
                                                              
       Stack:                         0      0         512    
    +--+------------------------------+------+---------+---------+
       Grand Total:                   770    620       512    


GLOBAL SYMBOLS: SORTED ALPHABETICALLY BY Name 

address   name                   
-------   ----                   
0000056b  C$$EXIT                
0000026d  DC_MOTORA_INIT         
000002cb  DC_MOTORA_START        
00000329  DC_MOTORA_STOP         
0000033f  DC_MOTORB_INIT         
0000039d  DC_MOTORB_START        
000003fb  DC_MOTORB_STOP         
00000439  GPIOPortA_Handler      
0000043b  GPIOPortB_Handler      
0000043d  GPIOPortC_Handler      
0000043f  GPIOPortD_Handler      
00000441  GPIOPortE_Handler      
00000443  GPIOPortF_Handler      
0000055b  ResetISR               
000004cb  SysTick_DelayMs        
000004eb  SysTick_DelayUs        
000004a9  SysTick_Init           
20000200  __STACK_END            
00000200  __STACK_SIZE           
20000200  __STACK_TOP            
ffffffff  __TI_pprof_out_hndl    
ffffffff  __TI_prof_data_size    
ffffffff  __TI_prof_data_start   
00000000  __TI_static_base__     
ffffffff  __binit__              
ffffffff  __c_args__             
UNDEFED   __mpu_init             
20000000  __stack                
20000000  __start___llvm_prf_cnts
20000000  __stop___llvm_prf_cnts 
00000515  _c_int00_noinit_noargs 
00000567  _system_pre_init       
0000056b  abort                  
ffffffff  binit                  
00000000  g_pfnVectors           
00000541  main                   


GLOBAL SYMBOLS: SORTED BY Symbol Address 

address   name                   
-------   ----                   
00000000  __TI_static_base__     
00000000  g_pfnVectors           
00000200  __STACK_SIZE           
0000026d  DC_MOTORA_INIT         
000002cb  DC_MOTORA_START        
00000329  DC_MOTORA_STOP         
0000033f  DC_MOTORB_INIT         
0000039d  DC_MOTORB_START        
000003fb  DC_MOTORB_STOP         
00000439  GPIOPortA_Handler      
0000043b  GPIOPortB_Handler      
0000043d  GPIOPortC_Handler      
0000043f  GPIOPortD_Handler      
00000441  GPIOPortE_Handler      
00000443  GPIOPortF_Handler      
000004a9  SysTick_Init           
000004cb  SysTick_DelayMs        
000004eb  SysTick_DelayUs        
00000515  _c_int00_noinit_noargs 
00000541  main                   
0000055b  ResetISR               
00000567  _system_pre_init       
0000056b  C$$EXIT                
0000056b  abort                  
20000000  __stack                
20000000  __start___llvm_prf_cnts
20000000  __stop___llvm_prf_cnts 
20000200  __STACK_END            
20000200  __STACK_TOP            
ffffffff  __TI_pprof_out_hndl    
ffffffff  __TI_prof_data_size    
ffffffff  __TI_prof_data_start   
ffffffff  __binit__              
ffffffff  __c_args__             
ffffffff  binit                  
UNDEFED   __mpu_init             

[36 symbols]
